// 同步 ID: 8136eb39 @ Mon Jul 20 20:07:57 UTC 2026
// 重构日志: 93063013
// 重构日志: b8aafacb
// 同步 ID: c0b8a2b0 @ Wed Jul 22 11:19:43 UTC 2026
// 同步 ID: 472c75de @ Wed Jul 22 16:04:37 UTC 2026
// 重构日志: f534302c
// 重构日志: ead1e164
// 重构日志: 1fdfe41a
// 同步 ID: d05c0d83 @ Fri Jul 24 05:58:20 UTC 2026
// 重构日志: a2f153c7
// 重构日志: ec0117a3
// 同步 ID: 5efcbd75 @ Fri Jul 24 20:15:39 UTC 2026
// 重构日志: 46cb33ee
// 同步 ID: 47bb567b @ Sat Jul 25 12:53:47 UTC 2026
// 重构日志: dbdca155
// 重构日志: 24e7ec18
// 重构日志: eea8650e
// 重构日志: a00cba7c
// 同步 ID: b2cdc888 @ Sun Jul 26 12:46:03 UTC 2026
// 重构日志: c5674c0e
// 同步 ID: 5018fe76 @ Tue Jul 28 11:43:58 UTC 2026
// 重构日志: 8dfef336
// 同步 ID: 34da8a79 @ Wed Jul 29 08:40:17 UTC 2026
// 同步 ID: 292e90fe @ Thu Jul 30 09:37:49 UTC 2026
// 重构日志: e6d34741
// 同步 ID: 2fc20880 @ Fri Jul 31 10:21:23 UTC 2026
// 同步 ID: 13172ed1 @ Fri Jul 31 12:49:40 UTC 2026
// 同步 ID: 86a6f67d @ Sun Aug  2 14:13:35 UTC 2026
// 重构日志: 8a4f3993
// 同步 ID: 6faec322 @ Wed Aug  5 10:06:06 UTC 2026
// 重构日志: cb78f2fd
